[blackboxjumper.maweb.eu/index.html]
[backblue.gif]
[fade.gif]
[index.html]
[blackboxjumper.maweb.eu/wp-content/cache/autoptimize/css/autoptimize_7822552a8c9860659ffc48c32eb3e63d.css]
[blackboxjumper.maweb.eu/comments/feed/index.html]
[blackboxjumper.maweb.eu/feed/index.html]
[blackboxjumper.maweb.eu/wp-content/cache/autoptimize/css/autoptimize_single_d17bd80b3412e1ca7b00951b542f3d5c0e54.css]
[blackboxjumper.maweb.eu/wp-content/uploads/essential-addons-elementor/734e5f942.min22f1.css]
[blackboxjumper.maweb.eu/wp-content/cache/autoptimize/css/autoptimize_single_843ca02588b4dbdab71a812f0d1c9433d7e6.css]
[blackboxjumper.maweb.eu/wp-content/cache/autoptimize/css/autoptimize_single_e4fca45827e461ad4667bb6653390608f201.css]
[www.endora.cz/images/icon.png]
[blackboxjumper.maweb.eu/index.html]
[blackboxjumper.maweb.eu/wp-includes/js/jquery/jquery.min9d52.js]
[blackboxjumper.maweb.eu/wp-content/cache/autoptimize/css/autoptimize_7822552a8c9860659ffc48c32eb3e63d.css]
[blackboxjumper.maweb.eu/wp-includes/wlwmanifest.xml]
[blackboxjumper.maweb.eu/wp-json/index.html]
[blackboxjumper.maweb.eu/wp-json/wp/v2/pages/15.json]
[blackboxjumper.maweb.eu/wp-json/oembed/1.0/embedf01f.json]
[blackboxjumper.maweb.eu/xmlrpc0db0.php]
[blackboxjumper.maweb.eu/wp-content/uploads/essential-addons-elementor/734e5f942.min22f1.css]
[blackboxjumper.maweb.eu/wp-content/uploads/2021/02/spr_player-icon-2.png]
[blackboxjumper.maweb.eu/wp-content/uploads/2021/02/spr_player-icon-2-48x48.png]
[blackboxjumper.maweb.eu/wp-content/cache/autoptimize/css/autoptimize_single_d17bd80b3412e1ca7b00951b542f3d5c0e54.css]
[blackboxjumper.maweb.eu/wp-json/oembed/1.0/embeddaf1]
[blackboxjumper.maweb.eu/wp-content/cache/autoptimize/css/autoptimize_single_843ca02588b4dbdab71a812f0d1c9433d7e6.css]
[blackboxjumper.maweb.eu/wiki/index.html]
[blackboxjumper.maweb.eu/wp-content/plugins/elementor/assets/lib/eicons/fonts/eiconsc2cd.eot]
[blackboxjumper.maweb.eu/wp-content/cache/autoptimize/css/autoptimize_single_e4fca45827e461ad4667bb6653390608f201.css]
[blackboxjumper.maweb.eu/wp-content/cache/autoptimize/css/autoptimize_single_c937c362719eae8e09a5a51db9557333e80f.css]
[blackboxjumper.maweb.eu/wiki/index.html]
[blackboxjumper.maweb.eu/wp-content/uploads/img/bg.html]
[blackboxjumper.maweb.eu/wp-json/wp/v2/pages/18.json]
[blackboxjumper.maweb.eu/wp-json/oembed/1.0/embed3c9d.json]
[blackboxjumper.maweb.eu/wp-json/oembed/1.0/embed5fce]
[blackboxjumper.maweb.eu/wiki/score-counter/index.html]
[blackboxjumper.maweb.eu/wiki/versions/index.html]
[blackboxjumper.maweb.eu/wp-content/uploads/essential-addons-elementor/734e5f942.mine80f.css]
[blackboxjumper.maweb.eu/wp-content/cache/autoptimize/js/autoptimize_412515540c8a461a9070b64e9d68e5c5.js]
[blackboxjumper.maweb.eu/wp-content/plugins/essential-addons-for-elementor-lite/assets/admin/images/templately/logo-icon.svg]
[blackboxjumper.maweb.eu/wp-content/uploads/img/bg.html]
[blackboxjumper.maweb.eu/wp-content/uploads/essential-addons-elementor/734e5f942.mine80f.css]
[blackboxjumper.maweb.eu/wp-content/cache/autoptimize/css/autoptimize_single_c937c362719eae8e09a5a51db9557333e80f.css]
[blackboxjumper.maweb.eu/index0735.html]
[blackboxjumper.maweb.eu/wp-content/cache/autoptimize/css/autoptimize_1bc54d984b07b7e8ed256cc57ff219ba.css]
[blackboxjumper.maweb.eu/wp-content/uploads/2021/04/bbj-score.png]
[blackboxjumper.maweb.eu/wp-content/cache/autoptimize/css/autoptimize_single_1943ebdd4b7cda5d90bd2d5e8c624402d7e6.css]
[blackboxjumper.maweb.eu/wp-json/wp/v2/pages/491.json]
[blackboxjumper.maweb.eu/wp-json/oembed/1.0/embedf245.json]
[blackboxjumper.maweb.eu/wp-content/uploads/essential-addons-elementor/734e5f942.min8990.css]
[blackboxjumper.maweb.eu/wiki/score-counter/index.html]
[blackboxjumper.maweb.eu/wp-content/cache/autoptimize/css/autoptimize_204e9c7eed2bc0fd3dcb5911af1b3e93.css]
[blackboxjumper.maweb.eu/wp-json/oembed/1.0/embed39f3]
[blackboxjumper.maweb.eu/wp-json/wp/v2/pages/227.json]
[blackboxjumper.maweb.eu/wp-json/oembed/1.0/embedb305.json]
[blackboxjumper.maweb.eu/wp-content/uploads/essential-addons-elementor/734e5f942.min2e6d.css]
[blackboxjumper.maweb.eu/wiki/versions/index.html]
[blackboxjumper.maweb.eu/wp-content/cache/autoptimize/css/autoptimize_1bc54d984b07b7e8ed256cc57ff219ba.css]
[blackboxjumper.maweb.eu/wp-json/oembed/1.0/embed8987]
[blackboxjumper.maweb.eu/wp-content/uploads/essential-addons-elementor/734e5f942.min8990.css]
[blackboxjumper.maweb.eu/wp-content/cache/autoptimize/css/autoptimize_single_1943ebdd4b7cda5d90bd2d5e8c624402d7e6.css]
[blackboxjumper.maweb.eu/index87e8.html]
[blackboxjumper.maweb.eu/wp-content/cache/autoptimize/css/autoptimize_204e9c7eed2bc0fd3dcb5911af1b3e93.css]
[blackboxjumper.maweb.eu/wp-content/uploads/essential-addons-elementor/734e5f942.min2e6d.css]
[blackboxjumper.maweb.eu/index9a88.html]
[blackboxjumper.maweb.eu/wiki/versions/1-4/index.html]
[blackboxjumper.maweb.eu/wp-content/cache/autoptimize/css/autoptimize_4595635d6d651c236339eb33cc43d3c9.css]
[img.itch.zone/aW1hZ2UvNjU5MDM4LzUwNzYwODIucG5n/original/wSNwUB.png]
[blackboxjumper.maweb.eu/wp-content/cache/autoptimize/css/autoptimize_single_8bc96f89b28be02ce6fc0ae380802fdb414e.css]
[blackboxjumper.maweb.eu/wp-json/wp/v2/pages/425.json]
[blackboxjumper.maweb.eu/wp-json/oembed/1.0/embed3afe.json]
[blackboxjumper.maweb.eu/wp-json/oembed/1.0/embedd964]
[img.itch.zone/aW1hZ2UvNjU5MDM4LzQ5MDEzMTAuanBn/original/dL+Nvv.jpg]
[blackboxjumper.maweb.eu/wp-content/uploads/2021/04/bandicam-2021-04-24-17-59-48-349.jpg]
[blackboxjumper.maweb.eu/wp-content/uploads/2021/02/Black_Box_Jumper_1_4__31-12-2020-16-43-44-10.jpg]
[blackboxjumper.maweb.eu/wp-content/uploads/2021/02/Black_Box_Jumper_1_4__31-12-2020-16-43-44-10-1024x576.jpg]
[blackboxjumper.maweb.eu/wp-content/uploads/2021/04/bandicam-2021-04-24-18-04-08-543.jpg]
[blackboxjumper.maweb.eu/wp-content/uploads/2021/04/bandicam-2021-04-24-18-04-08-543-1024x576.jpg]
[blackboxjumper.maweb.eu/wp-content/cache/autoptimize/js/autoptimize_3dc240dcc38f75ebb336116cd74d136b.js]
[blackboxjumper.maweb.eu/wp-content/uploads/2021/04/bandicam-2021-04-24-18-03-54-310.jpg]
[blackboxjumper.maweb.eu/wp-content/uploads/2021/04/bandicam-2021-04-24-18-03-54-310-1024x576.jpg]
[blackboxjumper.maweb.eu/wiki/versions/1-4/index.html]
[blackboxjumper.maweb.eu/wp-content/cache/autoptimize/css/autoptimize_4595635d6d651c236339eb33cc43d3c9.css]
[blackboxjumper.maweb.eu/wp-content/cache/autoptimize/css/autoptimize_single_8bc96f89b28be02ce6fc0ae380802fdb414e.css]
[blackboxjumper.maweb.eu/index27ac.html]
[blackboxjumper.maweb.eu/wp-content/cache/autoptimize/js/autoptimize_77c31d35311fa6621bda40b8b8df9873.js]
