[blackboxjumper.maweb.eu/index.html]
[backblue.gif]
[fade.gif]
[index.html]
[blackboxjumper.maweb.eu/wp-content/cache/autoptimize/css/autoptimize_82d79ed373b00464be14ebe8a98a91c2.css]
[blackboxjumper.maweb.eu/comments/feed/index.html]
[blackboxjumper.maweb.eu/feed/index.html]
[blackboxjumper.maweb.eu/wp-content/cache/autoptimize/css/autoptimize_single_d17bd80b3412e1ca7b00951b542f3d5c0e54.css]
[blackboxjumper.maweb.eu/wp-content/cache/autoptimize/css/autoptimize_single_843ca02588b4dbdab71a812f0d1c9433d7e6.css]
[blackboxjumper.maweb.eu/wp-content/cache/autoptimize/css/autoptimize_single_e4fca45827e461ad4667bb6653390608f201.css]
[blackboxjumper.maweb.eu/wp-includes/js/jquery/jquery.min9d52.js]
[blackboxjumper.maweb.eu/wp-json/index.html]
[blackboxjumper.maweb.eu/xmlrpc0db0.php]
[blackboxjumper.maweb.eu/wp-json/wp/v2/pages/15.json]
[blackboxjumper.maweb.eu/wp-includes/wlwmanifest.xml]
[www.endora.cz/images/icon.png]
[blackboxjumper.maweb.eu/index.html]
[blackboxjumper.maweb.eu/wp-content/uploads/2021/02/spr_player-icon-2-48x48.png]
[blackboxjumper.maweb.eu/wp-content/uploads/2021/02/spr_player-icon-2.png]
[blackboxjumper.maweb.eu/wp-json/oembed/1.0/embedf01f.json]
[blackboxjumper.maweb.eu/wp-content/cache/autoptimize/css/autoptimize_82d79ed373b00464be14ebe8a98a91c2.css]
[blackboxjumper.maweb.eu/wp-json/oembed/1.0/embeddaf1]
[blackboxjumper.maweb.eu/wp-content/cache/autoptimize/css/autoptimize_single_d17bd80b3412e1ca7b00951b542f3d5c0e54.css]
[blackboxjumper.maweb.eu/wiki/index.html]
[blackboxjumper.maweb.eu/wiki/versions/index.html]
[blackboxjumper.maweb.eu/wp-content/cache/autoptimize/css/autoptimize_single_843ca02588b4dbdab71a812f0d1c9433d7e6.css]
[blackboxjumper.maweb.eu/wp-content/plugins/elementor/assets/lib/eicons/fonts/eiconsc2cd.eot]
[blackboxjumper.maweb.eu/wp-content/cache/autoptimize/css/autoptimize_single_e4fca45827e461ad4667bb6653390608f201.css]
[blackboxjumper.maweb.eu/wp-content/cache/autoptimize/css/autoptimize_single_2016d125d352f795dcec6f5a3941ac5ae202.css]
[blackboxjumper.maweb.eu/wiki/index.html]
[blackboxjumper.maweb.eu/wiki/score-counter/index.html]
[blackboxjumper.maweb.eu/wp-json/wp/v2/pages/18.json]
[blackboxjumper.maweb.eu/wp-json/oembed/1.0/embed3c9d.json]
[blackboxjumper.maweb.eu/wp-content/cache/autoptimize/css/autoptimize_204e9c7eed2bc0fd3dcb5911af1b3e93.css]
[blackboxjumper.maweb.eu/wp-content/uploads/essential-addons-elementor/734e5f942.minb376.css]
[blackboxjumper.maweb.eu/wp-json/wp/v2/pages/227.json]
[blackboxjumper.maweb.eu/wp-json/oembed/1.0/embed5fce]
[blackboxjumper.maweb.eu/wiki/versions/index.html]
[blackboxjumper.maweb.eu/wp-json/oembed/1.0/embedb305.json]
[blackboxjumper.maweb.eu/wp-json/oembed/1.0/embed8987]
[blackboxjumper.maweb.eu/wp-content/cache/autoptimize/css/autoptimize_1bc54d984b07b7e8ed256cc57ff219ba.css]
[blackboxjumper.maweb.eu/wiki/versions/1-4-2-1/index.html]
[blackboxjumper.maweb.eu/wiki/versions/1-5/index.html]
[blackboxjumper.maweb.eu/wiki/versions/1-4-2/index.html]
[blackboxjumper.maweb.eu/wp-content/uploads/essential-addons-elementor/734e5f942.mina320.css]
[blackboxjumper.maweb.eu/wp-content/cache/autoptimize/js/autoptimize_77c31d35311fa6621bda40b8b8df9873.js]
[blackboxjumper.maweb.eu/wiki/versions/1-4-1/index.html]
[blackboxjumper.maweb.eu/wiki/versions/1-4/index.html]
[blackboxjumper.maweb.eu/wiki/versions/1-2/index.html]
[blackboxjumper.maweb.eu/wiki/versions/1-3/index.html]
[blackboxjumper.maweb.eu/wiki/score-counter/index.html]
[blackboxjumper.maweb.eu/wp-content/uploads/2021/04/bbj-score.png]
[blackboxjumper.maweb.eu/wp-content/cache/autoptimize/css/autoptimize_single_1943ebdd4b7cda5d90bd2d5e8c624402d7e6.css]
[blackboxjumper.maweb.eu/wp-content/cache/autoptimize/css/autoptimize_single_2016d125d352f795dcec6f5a3941ac5ae202.css]
[blackboxjumper.maweb.eu/wp-json/wp/v2/pages/491.json]
[blackboxjumper.maweb.eu/wp-json/oembed/1.0/embedf245.json]
[blackboxjumper.maweb.eu/index0735.html]
[blackboxjumper.maweb.eu/wp-content/cache/autoptimize/css/autoptimize_204e9c7eed2bc0fd3dcb5911af1b3e93.css]
[blackboxjumper.maweb.eu/wp-json/oembed/1.0/embed39f3]
[blackboxjumper.maweb.eu/wp-content/uploads/img/bg.jpg]
[blackboxjumper.maweb.eu/wp-content/uploads/essential-addons-elementor/734e5f942.minb376.css]
[blackboxjumper.maweb.eu/index9a88.html]
[img.itch.zone/aW1hZ2UvNjU5MDM4LzUwNzYwODIucG5n/original/wSNwUB.png]
[blackboxjumper.maweb.eu/wiki/versions/1-5/index.html]
[blackboxjumper.maweb.eu/wp-content/cache/autoptimize/css/autoptimize_single_2929adb0d51bfce44db33cbade76b2c7e480.css]
[blackboxjumper.maweb.eu/wp-json/wp/v2/pages/620.json]
[blackboxjumper.maweb.eu/wp-content/cache/autoptimize/js/autoptimize_3dc240dcc38f75ebb336116cd74d136b.js]
[blackboxjumper.maweb.eu/wiki/versions/1-4-2-1/index.html]
[blackboxjumper.maweb.eu/wp-content/uploads/essential-addons-elementor/734e5f942.minb0aa.css]
[blackboxjumper.maweb.eu/wp-json/oembed/1.0/embed8af4.json]
[blackboxjumper.maweb.eu/wp-json/oembed/1.0/embed0e7b]
[img.itch.zone/aW1hZ2UvNjU5MDM4LzQ5MDEzMTAuanBn/original/dL+Nvv.jpg]
[blackboxjumper.maweb.eu/wp-content/cache/autoptimize/css/autoptimize_single_92ca73a57852453755ca5045586c3574ea52.css]
[blackboxjumper.maweb.eu/wp-content/uploads/2021/04/bandicam-2021-04-24-17-59-48-349.jpg]
[blackboxjumper.maweb.eu/wiki/versions/1-4-2/index.html]
[blackboxjumper.maweb.eu/wp-content/uploads/2021/02/Black_Box_Jumper_1_4__31-12-2020-16-43-44-10.jpg]
[blackboxjumper.maweb.eu/wp-content/uploads/2021/02/Black_Box_Jumper_1_4__31-12-2020-16-43-44-10-1024x576.jpg]
[blackboxjumper.maweb.eu/wp-content/uploads/2021/04/bandicam-2021-04-24-18-04-08-543.jpg]
[blackboxjumper.maweb.eu/wiki/versions/1-5/blackboxjumper.maweb.eu/wiki/versions/1-4-2_1.html]
[blackboxjumper.maweb.eu/wp-content/uploads/2021/04/bandicam-2021-04-24-18-04-08-543-1024x576.jpg]
[blackboxjumper.maweb.eu/wp-content/uploads/2021/04/bandicam-2021-04-24-18-03-54-310.jpg]
[blackboxjumper.maweb.eu/wp-content/uploads/essential-addons-elementor/734e5f942.minc9f6.css]
[blackboxjumper.maweb.eu/wp-content/uploads/2021/04/bandicam-2021-04-24-18-03-54-310-1024x576.jpg]
[blackboxjumper.maweb.eu/wiki/versions/1-4-1/index.html]
[blackboxjumper.maweb.eu/wp-content/cache/autoptimize/css/autoptimize_single_66e27e84e892440066c852843bb86c5c2887.css]
[blackboxjumper.maweb.eu/wp-json/wp/v2/pages/661.json]
[blackboxjumper.maweb.eu/wp-content/uploads/essential-addons-elementor/734e5f942.minde21.css]
[blackboxjumper.maweb.eu/wp-json/oembed/1.0/embed5865.json]
[blackboxjumper.maweb.eu/wp-content/cache/autoptimize/css/autoptimize_single_755a0b8befa047b2dcbfa3846778e8a21088.css]
[blackboxjumper.maweb.eu/wp-content/uploads/essential-addons-elementor/734e5f942.min81f6.css]
[blackboxjumper.maweb.eu/wiki/versions/1-4/index.html]
[blackboxjumper.maweb.eu/wp-content/uploads/2021/06/hM9Gvp.png]
[blackboxjumper.maweb.eu/wp-json/wp/v2/pages/666.json]
[blackboxjumper.maweb.eu/wp-json/oembed/1.0/embedd301]
[blackboxjumper.maweb.eu/wp-json/oembed/1.0/embedc104.json]
[blackboxjumper.maweb.eu/wp-content/uploads/essential-addons-elementor/734e5f942.min6fb1.css]
[blackboxjumper.maweb.eu/wp-content/cache/autoptimize/css/autoptimize_single_db0fd50a9fd05e67ce07b73941e0f65f32c4.css]
[blackboxjumper.maweb.eu/wp-json/oembed/1.0/embed4a51]
[blackboxjumper.maweb.eu/wp-content/cache/autoptimize/css/autoptimize_single_2d5446fc2d92c6c74ec3837550ddf53cfcba.css]
[blackboxjumper.maweb.eu/wp-json/wp/v2/pages/716]
[blackboxjumper.maweb.eu/wp-json/wp/v2/pages/674.json]
[blackboxjumper.maweb.eu/wp-json/oembed/1.0/embed5e63]
[blackboxjumper.maweb.eu/wp-json/oembed/1.0/embed2ae5.json]
[blackboxjumper.maweb.eu/wp-json/oembed/1.0/embedc4cb]
[blackboxjumper.maweb.eu/wp-json/oembed/1.0/embed47da]
[blackboxjumper.maweb.eu/wp-content/uploads/2021/06/M7Awf2-1024x612.png]
[blackboxjumper.maweb.eu/wp-json/wp/v2/pages/425.json]
[blackboxjumper.maweb.eu/wp-json/oembed/1.0/embed3afe.json]
[blackboxjumper.maweb.eu/wp-content/cache/autoptimize/js/autoptimize_412515540c8a461a9070b64e9d68e5c5.js]
[blackboxjumper.maweb.eu/wp-json/oembed/1.0/embedd964]
[blackboxjumper.maweb.eu/wp-content/uploads/2021/06/dVADtq.png]
[blackboxjumper.maweb.eu/wp-content/uploads/2021/06/hM9Gvp-1.png]
[blackboxjumper.maweb.eu/wp-content/uploads/2021/06/HHnlj8.png]
[blackboxjumper.maweb.eu/wp-content/uploads/2021/06/DOSmi1.png]
[blackboxjumper.maweb.eu/wp-content/uploads/2021/06/M7Awf2-1.png]
[blackboxjumper.maweb.eu/wiki/versions/1-3/index.html]
[blackboxjumper.maweb.eu/wp-content/cache/autoptimize/css/autoptimize_single_c7a8e64ebfa32cdd5eb0554bbb0895a79539.css]
[blackboxjumper.maweb.eu/wp-json/wp/v2/pages/742.json]
[blackboxjumper.maweb.eu/wp-json/oembed/1.0/embed410a.json]
[blackboxjumper.maweb.eu/wp-json/oembed/1.0/embedd257]
[blackboxjumper.maweb.eu/wiki/versions/1-1]
[blackboxjumper.maweb.eu/wiki/versions/1-2/index.html]
[blackboxjumper.maweb.eu/wp-content/cache/autoptimize/css/autoptimize_1bc54d984b07b7e8ed256cc57ff219ba.css]
[blackboxjumper.maweb.eu/wp-content/uploads/essential-addons-elementor/734e5f942.mina320.css]
[blackboxjumper.maweb.eu/wp-content/cache/autoptimize/css/autoptimize_single_1943ebdd4b7cda5d90bd2d5e8c624402d7e6.css]
[blackboxjumper.maweb.eu/index87e8.html]
[blackboxjumper.maweb.eu/wp-content/uploads/img/bg.html]
[blackboxjumper.maweb.eu/wp-content/uploads/essential-addons-elementor/734e5f942.minb0aa.css]
[blackboxjumper.maweb.eu/wp-content/cache/autoptimize/css/autoptimize_single_2929adb0d51bfce44db33cbade76b2c7e480.css]
[blackboxjumper.maweb.eu/index2c3d.html]
[blackboxjumper.maweb.eu/wiki/versions/1-5/blackboxjumper.maweb.eu/wiki/versions/1-4/index.html]
[blackboxjumper.maweb.eu/wiki/versions/1-5/blackboxjumper.maweb.eu/wiki/versions/1-4-2_1.html]
[blackboxjumper.maweb.eu/wp-content/cache/autoptimize/css/autoptimize_single_66e27e84e892440066c852843bb86c5c2887.css]
[blackboxjumper.maweb.eu/indexd4f5.html]
[blackboxjumper.maweb.eu/wp-content/uploads/essential-addons-elementor/734e5f942.minc9f6.css]
[blackboxjumper.maweb.eu/wp-content/cache/autoptimize/css/autoptimize_single_92ca73a57852453755ca5045586c3574ea52.css]
[blackboxjumper.maweb.eu/index197a.html]
[blackboxjumper.maweb.eu/wp-content/uploads/essential-addons-elementor/734e5f942.minde21.css]
[blackboxjumper.maweb.eu/wp-content/cache/autoptimize/css/autoptimize_single_2d5446fc2d92c6c74ec3837550ddf53cfcba.css]
[blackboxjumper.maweb.eu/index030b.html]
[blackboxjumper.maweb.eu/wp-content/uploads/essential-addons-elementor/734e5f942.min81f6.css]
[blackboxjumper.maweb.eu/wp-content/cache/autoptimize/css/autoptimize_single_755a0b8befa047b2dcbfa3846778e8a21088.css]
[blackboxjumper.maweb.eu/index27ac.html]
[blackboxjumper.maweb.eu/wp-content/uploads/essential-addons-elementor/734e5f942.min6fb1.css]
[blackboxjumper.maweb.eu/wp-content/cache/autoptimize/css/autoptimize_single_db0fd50a9fd05e67ce07b73941e0f65f32c4.css]
[blackboxjumper.maweb.eu/index7e39.html]
[blackboxjumper.maweb.eu/wp-content/cache/autoptimize/css/autoptimize_single_c7a8e64ebfa32cdd5eb0554bbb0895a79539.css]
[blackboxjumper.maweb.eu/indexe0d2.html]
[blackboxjumper.maweb.eu/wiki/versions/1-1.html]
[blackboxjumper.maweb.eu/wp-content/plugins/essential-addons-for-elementor-lite/assets/admin/images/templately/logo-icon.svg]
